Running commands...
