
Id     Name            PSJobTypeName   State
--     ----            -------------   -----        
7      Job7            BackgroundJob   Running      

